2021-03-11 22:34:55,664:INFO:flipkrat.py:Url hitted
2021-03-11 22:34:55,871:INFO:flipkrat.py:login popup handled
2021-03-11 22:34:56,219:INFO:flipkrat.py:Search begins
2021-03-11 22:34:59,039:INFO:flipkrat.py:Data saved in scrapper file
2021-03-11 22:35:58,120:INFO:flipkrat.py:Url hitted
2021-03-11 22:35:58,315:INFO:flipkrat.py:login popup handled
2021-03-11 22:35:58,591:INFO:flipkrat.py:Search begins
2021-03-11 22:36:01,400:INFO:flipkrat.py:Data saved in scrapper file
2021-03-11 22:36:23,309:INFO:flipkrat.py:Url hitted
2021-03-11 22:36:23,496:INFO:flipkrat.py:login popup handled
2021-03-11 22:36:23,770:INFO:flipkrat.py:Search begins
2021-03-11 22:36:33,418:INFO:flipkrat.py:Url hitted
2021-03-11 22:36:33,647:INFO:flipkrat.py:login popup handled
2021-03-11 22:36:34,002:INFO:flipkrat.py:Search begins
2021-03-11 22:36:36,914:INFO:flipkrat.py:Data saved in scrapper file
2021-03-11 22:37:59,845:INFO:flipkrat.py:Thread run completed
2021-03-12 18:10:07,996:INFO:flipkrat.py:Url hitted
2021-03-12 18:10:08,216:INFO:flipkrat.py:login popup handled
2021-03-12 18:10:08,649:INFO:flipkrat.py:Search begins for Nike
2021-03-12 18:10:15,835:INFO:flipkrat.py:Data saved in scrapper file
2021-03-12 18:21:17,976:INFO:flipkrat.py:Url hitted
2021-03-12 18:21:18,307:INFO:flipkrat.py:login popup handled
2021-03-12 18:21:18,661:INFO:flipkrat.py:Search begins for shorts
2021-03-12 18:21:45,120:INFO:flipkrat.py:Thread run completed
2021-03-12 18:51:46,598:INFO:flipkrat.py:Url hitted
2021-03-12 18:51:46,854:INFO:flipkrat.py:login popup handled
2021-03-12 18:51:47,148:INFO:flipkrat.py:Search begins for Nike
2021-03-12 18:51:52,934:INFO:flipkrat.py:Data saved in scrapper file
2021-03-12 18:59:13,412:INFO:flipkrat.py:Url hitted
2021-03-12 18:59:13,585:INFO:flipkrat.py:login popup handled
2021-03-12 18:59:13,871:INFO:flipkrat.py:Search begins for Nike
2021-03-12 18:59:20,027:INFO:flipkrat.py:Data saved in scrapper file
2021-03-12 19:05:39,138:INFO:flipkrat.py:Url hitted
2021-03-12 19:05:39,293:INFO:flipkrat.py:login popup handled
2021-03-12 19:05:39,627:INFO:flipkrat.py:Search begins for Saree
2021-03-12 19:05:45,435:INFO:flipkrat.py:Data saved in scrapper file
2021-03-12 19:48:30,551:INFO:flipkrat.py:Url hitted
2021-03-12 19:48:32,022:INFO:flipkrat.py:login popup handled
2021-03-12 19:48:33,971:INFO:flipkrat.py:Search begins for Nike
2021-03-12 19:48:39,271:INFO:flipkrat.py:Data saved in scrapper file
2021-03-12 19:52:16,469:INFO:flipkrat.py:Url hitted
2021-03-12 19:52:16,797:INFO:flipkrat.py:login popup handled
2021-03-12 19:52:17,244:INFO:flipkrat.py:Search begins for Nike
2021-03-12 19:52:19,627:INFO:flipkrat.py:Data saved in scrapper file
2021-03-12 22:38:31,082:INFO:flipkrat.py:Url hitted
2021-03-12 22:38:31,387:INFO:flipkrat.py:login popup handled
2021-03-12 22:38:31,835:INFO:flipkrat.py:Search begins for Nike
2021-03-12 22:38:38,080:INFO:flipkrat.py:Data saved in scrapper file
2021-08-29 16:51:12,418:INFO:flipkrat.py:Url hitted
2021-08-29 16:51:12,629:INFO:flipkrat.py:login popup handled
2021-08-29 16:51:12,914:INFO:flipkrat.py:Search begins for iphone7
2021-08-29 16:51:14,366:INFO:flipkrat.py:Data saved in scrapper file
2021-08-30 23:15:18,892:INFO:flipkrat.py:Url hitted
2021-08-30 23:15:19,261:INFO:flipkrat.py:login popup handled
2021-08-30 23:15:19,941:INFO:flipkrat.py:Search begins for samsung
2021-08-30 23:15:24,528:INFO:flipkrat.py:Data saved in scrapper file
2021-08-30 23:23:20,329:INFO:flipkrat.py:Url hitted
2021-08-30 23:23:20,724:INFO:flipkrat.py:login popup handled
2021-08-30 23:23:21,186:INFO:flipkrat.py:Search begins for redmi
2021-08-30 23:23:23,662:INFO:flipkrat.py:Data saved in scrapper file
2021-08-31 22:18:13,968:INFO:flipkrat.py:Url hitted
2021-08-31 22:18:14,088:INFO:flipkrat.py:login popup handled
2021-08-31 22:18:14,341:INFO:flipkrat.py:Search begins for iphone7
2021-08-31 22:18:15,714:INFO:flipkrat.py:Data saved in scrapper file
2021-08-31 23:32:30,502:INFO:flipkrat.py:Url hitted
2021-08-31 23:32:30,708:INFO:flipkrat.py:login popup handled
2021-08-31 23:32:30,901:INFO:flipkrat.py:Search begins for redmi
2021-08-31 23:35:41,057:INFO:flipkrat.py:Url hitted
2021-08-31 23:35:41,146:INFO:flipkrat.py:login popup handled
2021-08-31 23:35:41,335:INFO:flipkrat.py:Search begins for redmi
2021-08-31 23:42:09,239:INFO:flipkrat.py:Url hitted
2021-08-31 23:42:27,473:INFO:flipkrat.py:Url hitted
2021-08-31 23:42:27,666:INFO:flipkrat.py:login popup handled
2021-08-31 23:42:27,837:INFO:flipkrat.py:Search begins for realme
2021-08-31 23:49:46,071:INFO:flipkrat.py:Url hitted
2021-08-31 23:49:46,184:INFO:flipkrat.py:login popup handled
2021-08-31 23:49:46,393:INFO:flipkrat.py:Search begins for redmi
2021-08-31 23:49:48,160:INFO:flipkrat.py:Data saved in scrapper file
2021-09-02 20:46:15,295:INFO:flipkrat.py:Url hitted
2021-09-02 20:46:15,531:INFO:flipkrat.py:login popup handled
2021-09-02 20:46:15,738:INFO:flipkrat.py:Search begins for amazefit
2021-09-02 20:51:49,561:INFO:flipkrat.py:Url hitted
2021-09-02 20:51:49,768:INFO:flipkrat.py:login popup handled
2021-09-02 20:51:49,962:INFO:flipkrat.py:Search begins for amazefit
2021-09-02 20:51:50,832:INFO:flipkrat.py:Thread run completed
2021-09-02 20:53:06,725:INFO:flipkrat.py:Url hitted
2021-09-02 20:53:06,980:INFO:flipkrat.py:login popup handled
2021-09-02 20:53:07,157:INFO:flipkrat.py:Search begins for iphone7
2021-09-02 20:53:07,955:INFO:flipkrat.py:Thread run completed
2021-09-02 21:03:50,015:INFO:flipkrat.py:Url hitted
2021-09-02 21:03:50,161:INFO:flipkrat.py:login popup handled
2021-09-02 21:03:50,432:INFO:flipkrat.py:Search begins for iphone7
2021-09-02 21:04:00,414:INFO:flipkrat.py:Thread run completed
2021-09-02 21:07:30,554:INFO:flipkrat.py:Url hitted
2021-09-02 21:07:30,697:INFO:flipkrat.py:login popup handled
2021-09-02 21:07:30,971:INFO:flipkrat.py:Search begins for iphone7
2021-09-02 21:07:32,054:INFO:flipkrat.py:Data saved in scrapper file
2021-09-02 21:11:21,284:INFO:flipkrat.py:Url hitted
2021-09-02 21:11:21,509:INFO:flipkrat.py:login popup handled
2021-09-02 21:11:21,860:INFO:flipkrat.py:Search begins for iphone7
2021-09-02 21:11:22,998:INFO:flipkrat.py:Data saved in scrapper file
2021-09-02 21:11:55,597:INFO:flipkrat.py:Url hitted
2021-09-02 21:11:55,730:INFO:flipkrat.py:login popup handled
2021-09-02 21:11:55,931:INFO:flipkrat.py:Search begins for redmi
2021-09-02 21:12:04,042:INFO:flipkrat.py:Thread run completed
